acme/app#10 | scored | none
acme/app#11 | stale | full
acme/app#12 | stale | full
acme/app#13 | stale | full
acme/app#14 | scored | none
acme/app#15 | stale | full
acme/app#16 | stale | full
acme/app#17 | scored | none
acme/app#18 | stale | full
acme/app#19 | new | full
acme/app#20 | scored | none
acme/app#21 | scored | none
