{"n":3,"lastComment":0,"edited":"2026-10-04T08:00:00Z","updatedAt":"2026-10-04T08:00:30Z","v":5,"i":4,"r":1,"e":2.5,"score":8,"date":"2026-10-09","what":"Orders stuck","summary":"Back\\slash. / Two. / Three."}
{"n":12,"lastComment":7,"edited":"-","updatedAt":"2026-10-05T09:00:00Z","v":3,"i":2,"r":2,"e":2,"score":6,"date":"2026-10-09","what":"Invoice total 'rounds' wrong","summary":"Rounds down. / Finance fixes by hand. | easy fix"}
